<?xml version="1.0"?>
<link_info>
   <banner>TI ARM Linker PC v16.9.4.LTS</banner>
   <copyright>Copyright (c) 1996-2017 Texas Instruments Incorporated</copyright>
   <link_time>0x64e65dc6</link_time>
   <link_errors>0x0</link_errors>
   <output_file>Test.out</output_file>
   <entry_point>
      <name>_c_int00</name>
      <address>0x19ed</address>
   </entry_point>
   <input_file_list>
      <input_file id="fl-2">
         <path>.\</path>
         <kind>object</kind>
         <file>DIO.obj</file>
         <name>DIO.obj</name>
      </input_file>
      <input_file id="fl-3">
         <path>.\</path>
         <kind>object</kind>
         <file>GPIO_INTERRUPT.obj</file>
         <name>GPIO_INTERRUPT.obj</name>
      </input_file>
      <input_file id="fl-4">
         <path>.\</path>
         <kind>object</kind>
         <file>Keypad.obj</file>
         <name>Keypad.obj</name>
      </input_file>
      <input_file id="fl-5">
         <path>.\</path>
         <kind>object</kind>
         <file>LCD.obj</file>
         <name>LCD.obj</name>
      </input_file>
      <input_file id="fl-6">
         <path>.\</path>
         <kind>object</kind>
         <file>main.obj</file>
         <name>main.obj</name>
      </input_file>
      <input_file id="fl-7">
         <path>.\</path>
         <kind>object</kind>
         <file>parse.obj</file>
         <name>parse.obj</name>
      </input_file>
      <input_file id="fl-8">
         <path>.\</path>
         <kind>object</kind>
         <file>tm4c123gh6pm_startup_ccs.obj</file>
         <name>tm4c123gh6pm_startup_ccs.obj</name>
      </input_file>
      <input_file id="fl-c">
         <kind>object</kind>
         <file>&lt;internal&gt;</file>
         <name>&lt;internal&gt;</name>
      </input_file>
      <input_file id="fl-c2">
         <path>C:\ti\ccsv7\tools\compiler\ti-cgt-arm_16.9.4.LTS\lib\</path>
         <kind>archive</kind>
         <file>rtsv7M4_T_le_v4SPD16_eabi.lib</file>
         <name>boot.obj</name>
      </input_file>
      <input_file id="fl-c3">
         <path>C:\ti\ccsv7\tools\compiler\ti-cgt-arm_16.9.4.LTS\lib\</path>
         <kind>archive</kind>
         <file>rtsv7M4_T_le_v4SPD16_eabi.lib</file>
         <name>copy_decompress_lzss.obj</name>
      </input_file>
      <input_file id="fl-c4">
         <path>C:\ti\ccsv7\tools\compiler\ti-cgt-arm_16.9.4.LTS\lib\</path>
         <kind>archive</kind>
         <file>rtsv7M4_T_le_v4SPD16_eabi.lib</file>
         <name>copy_decompress_none.obj</name>
      </input_file>
      <input_file id="fl-c5">
         <path>C:\ti\ccsv7\tools\compiler\ti-cgt-arm_16.9.4.LTS\lib\</path>
         <kind>archive</kind>
         <file>rtsv7M4_T_le_v4SPD16_eabi.lib</file>
         <name>copy_zero_init.obj</name>
      </input_file>
      <input_file id="fl-c6">
         <path>C:\ti\ccsv7\tools\compiler\ti-cgt-arm_16.9.4.LTS\lib\</path>
         <kind>archive</kind>
         <file>rtsv7M4_T_le_v4SPD16_eabi.lib</file>
         <name>exit.obj</name>
      </input_file>
      <input_file id="fl-c7">
         <path>C:\ti\ccsv7\tools\compiler\ti-cgt-arm_16.9.4.LTS\lib\</path>
         <kind>archive</kind>
         <file>rtsv7M4_T_le_v4SPD16_eabi.lib</file>
         <name>fd_add_t2.obj</name>
      </input_file>
      <input_file id="fl-c8">
         <path>C:\ti\ccsv7\tools\compiler\ti-cgt-arm_16.9.4.LTS\lib\</path>
         <kind>archive</kind>
         <file>rtsv7M4_T_le_v4SPD16_eabi.lib</file>
         <name>fd_div_t2.obj</name>
      </input_file>
      <input_file id="fl-c9">
         <path>C:\ti\ccsv7\tools\compiler\ti-cgt-arm_16.9.4.LTS\lib\</path>
         <kind>archive</kind>
         <file>rtsv7M4_T_le_v4SPD16_eabi.lib</file>
         <name>fd_mul_t2.obj</name>
      </input_file>
      <input_file id="fl-ca">
         <path>C:\ti\ccsv7\tools\compiler\ti-cgt-arm_16.9.4.LTS\lib\</path>
         <kind>archive</kind>
         <file>rtsv7M4_T_le_v4SPD16_eabi.lib</file>
         <name>fd_tos_t2.obj</name>
      </input_file>
      <input_file id="fl-cb">
         <path>C:\ti\ccsv7\tools\compiler\ti-cgt-arm_16.9.4.LTS\lib\</path>
         <kind>archive</kind>
         <file>rtsv7M4_T_le_v4SPD16_eabi.lib</file>
         <name>fs_tod_t2.obj</name>
      </input_file>
      <input_file id="fl-cc">
         <path>C:\ti\ccsv7\tools\compiler\ti-cgt-arm_16.9.4.LTS\lib\</path>
         <kind>archive</kind>
         <file>rtsv7M4_T_le_v4SPD16_eabi.lib</file>
         <name>i_tofd_t2.obj</name>
      </input_file>
      <input_file id="fl-cd">
         <path>C:\ti\ccsv7\tools\compiler\ti-cgt-arm_16.9.4.LTS\lib\</path>
         <kind>archive</kind>
         <file>rtsv7M4_T_le_v4SPD16_eabi.lib</file>
         <name>ltoa.obj</name>
      </input_file>
      <input_file id="fl-ce">
         <path>C:\ti\ccsv7\tools\compiler\ti-cgt-arm_16.9.4.LTS\lib\</path>
         <kind>archive</kind>
         <file>rtsv7M4_T_le_v4SPD16_eabi.lib</file>
         <name>memcpy_t2.obj</name>
      </input_file>
      <input_file id="fl-cf">
         <path>C:\ti\ccsv7\tools\compiler\ti-cgt-arm_16.9.4.LTS\lib\</path>
         <kind>archive</kind>
         <file>rtsv7M4_T_le_v4SPD16_eabi.lib</file>
         <name>memset_t2.obj</name>
      </input_file>
      <input_file id="fl-d0">
         <path>C:\ti\ccsv7\tools\compiler\ti-cgt-arm_16.9.4.LTS\lib\</path>
         <kind>archive</kind>
         <file>rtsv7M4_T_le_v4SPD16_eabi.lib</file>
         <name>mpu_init.obj</name>
      </input_file>
      <input_file id="fl-d1">
         <path>C:\ti\ccsv7\tools\compiler\ti-cgt-arm_16.9.4.LTS\lib\</path>
         <kind>archive</kind>
         <file>rtsv7M4_T_le_v4SPD16_eabi.lib</file>
         <name>pre_init.obj</name>
      </input_file>
      <input_file id="fl-d2">
         <path>C:\ti\ccsv7\tools\compiler\ti-cgt-arm_16.9.4.LTS\lib\</path>
         <kind>archive</kind>
         <file>rtsv7M4_T_le_v4SPD16_eabi.lib</file>
         <name>stkdepth_vars.obj</name>
      </input_file>
      <input_file id="fl-d3">
         <path>C:\ti\ccsv7\tools\compiler\ti-cgt-arm_16.9.4.LTS\lib\</path>
         <kind>archive</kind>
         <file>rtsv7M4_T_le_v4SPD16_eabi.lib</file>
         <name>strlen.obj</name>
      </input_file>
      <input_file id="fl-d4">
         <path>C:\ti\ccsv7\tools\compiler\ti-cgt-arm_16.9.4.LTS\lib\</path>
         <kind>archive</kind>
         <file>rtsv7M4_T_le_v4SPD16_eabi.lib</file>
         <name>strtol.obj</name>
      </input_file>
      <input_file id="fl-d5">
         <path>C:\ti\ccsv7\tools\compiler\ti-cgt-arm_16.9.4.LTS\lib\</path>
         <kind>archive</kind>
         <file>rtsv7M4_T_le_v4SPD16_eabi.lib</file>
         <name>_lock.obj</name>
      </input_file>
      <input_file id="fl-d6">
         <path>C:\ti\ccsv7\tools\compiler\ti-cgt-arm_16.9.4.LTS\lib\</path>
         <kind>archive</kind>
         <file>rtsv7M4_T_le_v4SPD16_eabi.lib</file>
         <name>args_main.obj</name>
      </input_file>
      <input_file id="fl-d7">
         <path>C:\ti\ccsv7\tools\compiler\ti-cgt-arm_16.9.4.LTS\lib\</path>
         <kind>archive</kind>
         <file>rtsv7M4_T_le_v4SPD16_eabi.lib</file>
         <name>autoinit.obj</name>
      </input_file>
      <input_file id="fl-d8">
         <path>C:\ti\ccsv7\tools\compiler\ti-cgt-arm_16.9.4.LTS\lib\</path>
         <kind>archive</kind>
         <file>rtsv7M4_T_le_v4SPD16_eabi.lib</file>
         <name>cpy_tbl.obj</name>
      </input_file>
      <input_file id="fl-d9">
         <path>C:\ti\ccsv7\tools\compiler\ti-cgt-arm_16.9.4.LTS\lib\</path>
         <kind>archive</kind>
         <file>rtsv7M4_T_le_v4SPD16_eabi.lib</file>
         <name>ctype.obj</name>
      </input_file>
      <input_file id="fl-da">
         <path>C:\ti\ccsv7\tools\compiler\ti-cgt-arm_16.9.4.LTS\lib\</path>
         <kind>archive</kind>
         <file>rtsv7M4_T_le_v4SPD16_eabi.lib</file>
         <name>errno.obj</name>
      </input_file>
      <input_file id="fl-db">
         <path>C:\ti\ccsv7\tools\compiler\ti-cgt-arm_16.9.4.LTS\lib\</path>
         <kind>archive</kind>
         <file>rtsv7M4_T_le_v4SPD16_eabi.lib</file>
         <name>startup.obj</name>
      </input_file>
   </input_file_list>
   <object_component_list>
      <object_component id="oc-f">
         <name>.intvecs</name>
         <load_address>0x0</load_address>
         <run_address>0x0</run_address>
         <size>0x26c</size>
         <input_file_ref idref="fl-8"/>
      </object_component>
      <object_component id="oc-86">
         <name>.text</name>
         <load_address>0x26c</load_address>
         <run_address>0x26c</run_address>
         <size>0x4b4</size>
         <input_file_ref idref="fl-5"/>
      </object_component>
      <object_component id="oc-e0">
         <name>.text</name>
         <load_address>0x720</load_address>
         <run_address>0x720</run_address>
         <size>0x3cc</size>
         <input_file_ref idref="fl-2"/>
      </object_component>
      <object_component id="oc-e6">
         <name>.text</name>
         <load_address>0xaec</load_address>
         <run_address>0xaec</run_address>
         <size>0x33c</size>
         <input_file_ref idref="fl-3"/>
      </object_component>
      <object_component id="oc-8c">
         <name>.text</name>
         <load_address>0xe28</load_address>
         <run_address>0xe28</run_address>
         <size>0x268</size>
         <input_file_ref idref="fl-7"/>
      </object_component>
      <object_component id="oc-31">
         <name>.text</name>
         <load_address>0x1090</load_address>
         <run_address>0x1090</run_address>
         <size>0x1e0</size>
         <input_file_ref idref="fl-6"/>
      </object_component>
      <object_component id="oc-109">
         <name>.text</name>
         <load_address>0x1270</load_address>
         <run_address>0x1270</run_address>
         <size>0x1b6</size>
         <input_file_ref idref="fl-c7"/>
      </object_component>
      <object_component id="oc-113">
         <name>.text</name>
         <load_address>0x1426</load_address>
         <run_address>0x1426</run_address>
         <size>0x136</size>
         <input_file_ref idref="fl-c8"/>
      </object_component>
      <object_component id="oc-f4">
         <name>.text</name>
         <load_address>0x155c</load_address>
         <run_address>0x155c</run_address>
         <size>0x134</size>
         <input_file_ref idref="fl-d4"/>
      </object_component>
      <object_component id="oc-10e">
         <name>.text</name>
         <load_address>0x1690</load_address>
         <run_address>0x1690</run_address>
         <size>0xfc</size>
         <input_file_ref idref="fl-c9"/>
      </object_component>
      <object_component id="oc-45">
         <name>.text</name>
         <load_address>0x178c</load_address>
         <run_address>0x178c</run_address>
         <size>0x9c</size>
         <input_file_ref idref="fl-ce"/>
      </object_component>
      <object_component id="oc-51">
         <name>.text</name>
         <load_address>0x1828</load_address>
         <run_address>0x1828</run_address>
         <size>0x7a</size>
         <input_file_ref idref="fl-cf"/>
      </object_component>
      <object_component id="oc-5d">
         <name>.text</name>
         <load_address>0x18a2</load_address>
         <run_address>0x18a2</run_address>
         <size>0x2</size>
         <input_file_ref idref="fl-d0"/>
      </object_component>
      <object_component id="oc-69">
         <name>.text</name>
         <load_address>0x18a4</load_address>
         <run_address>0x18a4</run_address>
         <size>0x70</size>
         <input_file_ref idref="fl-d7"/>
      </object_component>
      <object_component id="oc-ff">
         <name>.text</name>
         <load_address>0x1914</load_address>
         <run_address>0x1914</run_address>
         <size>0x6e</size>
         <input_file_ref idref="fl-ca"/>
      </object_component>
      <object_component id="oc-12">
         <name>.text:decompress:lzss</name>
         <load_address>0x1982</load_address>
         <run_address>0x1982</run_address>
         <size>0x68</size>
         <input_file_ref idref="fl-c3"/>
      </object_component>
      <object_component id="oc-cb">
         <name>.text</name>
         <load_address>0x19ea</load_address>
         <run_address>0x19ea</run_address>
         <size>0x2</size>
         <input_file_ref idref="fl-db"/>
      </object_component>
      <object_component id="oc-24">
         <name>.text</name>
         <load_address>0x19ec</load_address>
         <run_address>0x19ec</run_address>
         <size>0x54</size>
         <input_file_ref idref="fl-c2"/>
      </object_component>
      <object_component id="oc-75">
         <name>.text</name>
         <load_address>0x1a40</load_address>
         <run_address>0x1a40</run_address>
         <size>0x54</size>
         <input_file_ref idref="fl-c6"/>
      </object_component>
      <object_component id="oc-92">
         <name>.text</name>
         <load_address>0x1a94</load_address>
         <run_address>0x1a94</run_address>
         <size>0x54</size>
         <input_file_ref idref="fl-cd"/>
      </object_component>
      <object_component id="oc-c5">
         <name>.text</name>
         <load_address>0x1ae8</load_address>
         <run_address>0x1ae8</run_address>
         <size>0x4c</size>
         <input_file_ref idref="fl-d8"/>
      </object_component>
      <object_component id="oc-104">
         <name>.text</name>
         <load_address>0x1b34</load_address>
         <run_address>0x1b34</run_address>
         <size>0x38</size>
         <input_file_ref idref="fl-cb"/>
      </object_component>
      <object_component id="oc-80">
         <name>.text</name>
         <load_address>0x1b6c</load_address>
         <run_address>0x1b6c</run_address>
         <size>0x2e</size>
         <input_file_ref idref="fl-4"/>
      </object_component>
      <object_component id="oc-fa">
         <name>.text</name>
         <load_address>0x1b9a</load_address>
         <run_address>0x1b9a</run_address>
         <size>0x2e</size>
         <input_file_ref idref="fl-cc"/>
      </object_component>
      <object_component id="oc-6f">
         <name>.text</name>
         <load_address>0x1bc8</load_address>
         <run_address>0x1bc8</run_address>
         <size>0x18</size>
         <input_file_ref idref="fl-d6"/>
      </object_component>
      <object_component id="oc-143">
         <name>.text</name>
         <load_address>0x1be0</load_address>
         <run_address>0x1be0</run_address>
         <size>0x14</size>
         <input_file_ref idref="fl-d5"/>
      </object_component>
      <object_component id="oc-ee">
         <name>.text</name>
         <load_address>0x1bf4</load_address>
         <run_address>0x1bf4</run_address>
         <size>0x14</size>
         <input_file_ref idref="fl-d3"/>
      </object_component>
      <object_component id="oc-18">
         <name>.text:decompress:none</name>
         <load_address>0x1c08</load_address>
         <run_address>0x1c08</run_address>
         <size>0xe</size>
         <input_file_ref idref="fl-c4"/>
      </object_component>
      <object_component id="oc-1e">
         <name>.text:decompress:ZI</name>
         <load_address>0x1c16</load_address>
         <run_address>0x1c16</run_address>
         <size>0xc</size>
         <input_file_ref idref="fl-c5"/>
      </object_component>
      <object_component id="oc-2b">
         <name>.text</name>
         <load_address>0x1c22</load_address>
         <run_address>0x1c22</run_address>
         <size>0xc</size>
         <input_file_ref idref="fl-8"/>
      </object_component>
      <object_component id="oc-63">
         <name>.text</name>
         <load_address>0x1c2e</load_address>
         <run_address>0x1c2e</run_address>
         <size>0x4</size>
         <input_file_ref idref="fl-d1"/>
      </object_component>
      <object_component id="oc-153">
         <name>.const:.string:_ctypes_</name>
         <load_address>0x1c32</load_address>
         <run_address>0x1c32</run_address>
         <size>0x101</size>
         <input_file_ref idref="fl-d9"/>
      </object_component>
      <object_component id="oc-98">
         <name>.const:$P$T0$1</name>
         <load_address>0x1d33</load_address>
         <run_address>0x1d33</run_address>
         <size>0x10</size>
         <input_file_ref idref="fl-6"/>
      </object_component>
      <object_component id="oc-1a5">
         <name>.cinit..data.load</name>
         <load_address>0x1d48</load_address>
         <run_address>0x1d48</run_address>
         <size>0x11</size>
      </object_component>
      <object_component id="oc-1a3">
         <name>__TI_handler_table</name>
         <load_address>0x1d5c</load_address>
         <run_address>0x1d5c</run_address>
         <size>0xc</size>
      </object_component>
      <object_component id="oc-1a6">
         <name>.cinit..bss.load</name>
         <load_address>0x1d68</load_address>
         <run_address>0x1d68</run_address>
         <size>0x8</size>
      </object_component>
      <object_component id="oc-1a4">
         <name>__TI_cinit_table</name>
         <load_address>0x1d70</load_address>
         <run_address>0x1d70</run_address>
         <size>0x10</size>
      </object_component>
      <object_component id="oc-9f">
         <name>.data</name>
         <load_address>0x20000288</load_address>
         <run_address>0x20000288</run_address>
         <size>0x1</size>
         <input_file_ref idref="fl-6"/>
      </object_component>
      <object_component id="oc-d5">
         <name>.data:$O1$$</name>
         <load_address>0x2000026c</load_address>
         <run_address>0x2000026c</run_address>
         <size>0xc</size>
         <input_file_ref idref="fl-c6"/>
      </object_component>
      <object_component id="oc-7b">
         <name>.data</name>
         <load_address>0x20000284</load_address>
         <run_address>0x20000284</run_address>
         <size>0x4</size>
         <input_file_ref idref="fl-d2"/>
      </object_component>
      <object_component id="oc-d8">
         <name>.data:$O1$$</name>
         <load_address>0x20000278</load_address>
         <run_address>0x20000278</run_address>
         <size>0x8</size>
         <input_file_ref idref="fl-d5"/>
      </object_component>
      <object_component id="oc-156">
         <name>.data</name>
         <load_address>0x20000280</load_address>
         <run_address>0x20000280</run_address>
         <size>0x4</size>
         <input_file_ref idref="fl-da"/>
      </object_component>
      <object_component id="oc-9b">
         <name>.common:LCD_pos</name>
         <uninitialized>true</uninitialized>
         <run_address>0x20000268</run_address>
         <size>0x4</size>
      </object_component>
      <object_component id="oc-9e">
         <name>.common:LCD_counter</name>
         <uninitialized>true</uninitialized>
         <run_address>0x20000264</run_address>
         <size>0x4</size>
      </object_component>
      <object_component id="oc-a2">
         <name>.common:s</name>
         <uninitialized>true</uninitialized>
         <run_address>0x20000200</run_address>
         <size>0x64</size>
      </object_component>
      <object_component id="oc-2a">
         <name>.stack</name>
         <uninitialized>true</uninitialized>
         <run_address>0x20000000</run_address>
         <size>0x0</size>
         <input_file_ref idref="fl-c2"/>
      </object_component>
      <object_component id="oc-1a7">
         <name>.stack</name>
         <uninitialized>true</uninitialized>
         <run_address>0x20000000</run_address>
         <size>0x0</size>
      </object_component>
      <object_component id="oc-e1">
         <name>.debug_info</name>
         <load_address>0x0</load_address>
         <run_address>0x0</run_address>
         <size>0x208</size>
         <input_file_ref idref="fl-2"/>
      </object_component>
      <object_component id="oc-120">
         <name>.debug_info</name>
         <load_address>0x208</load_address>
         <run_address>0x208</run_address>
         <size>0x6c</size>
         <input_file_ref idref="fl-2"/>
      </object_component>
      <object_component id="oc-40">
         <name>.debug_info</name>
         <load_address>0x274</load_address>
         <run_address>0x274</run_address>
         <size>0x84</size>
         <input_file_ref idref="fl-2"/>
      </object_component>
      <object_component id="oc-a6">
         <name>.debug_info</name>
         <load_address>0x2f8</load_address>
         <run_address>0x2f8</run_address>
         <size>0x18b</size>
         <input_file_ref idref="fl-2"/>
      </object_component>
      <object_component id="oc-e8">
         <name>.debug_info</name>
         <load_address>0x483</load_address>
         <run_address>0x483</run_address>
         <size>0x156</size>
         <input_file_ref idref="fl-3"/>
      </object_component>
      <object_component id="oc-82">
         <name>.debug_info</name>
         <load_address>0x5d9</load_address>
         <run_address>0x5d9</run_address>
         <size>0x159</size>
         <input_file_ref idref="fl-4"/>
      </object_component>
      <object_component id="oc-9c">
         <name>.debug_info</name>
         <load_address>0x732</load_address>
         <run_address>0x732</run_address>
         <size>0x2de</size>
         <input_file_ref idref="fl-5"/>
      </object_component>
      <object_component id="oc-88">
         <name>.debug_info</name>
         <load_address>0xa10</load_address>
         <run_address>0xa10</run_address>
         <size>0xb2c</size>
         <input_file_ref idref="fl-5"/>
      </object_component>
      <object_component id="oc-a3">
         <name>.debug_info</name>
         <load_address>0x153c</load_address>
         <run_address>0x153c</run_address>
         <size>0x43e</size>
         <input_file_ref idref="fl-6"/>
      </object_component>
      <object_component id="oc-a0">
         <name>.debug_info</name>
         <load_address>0x197a</load_address>
         <run_address>0x197a</run_address>
         <size>0xbe</size>
         <input_file_ref idref="fl-6"/>
      </object_component>
      <object_component id="oc-99">
         <name>.debug_info</name>
         <load_address>0x1a38</load_address>
         <run_address>0x1a38</run_address>
         <size>0xbd</size>
         <input_file_ref idref="fl-6"/>
      </object_component>
      <object_component id="oc-33">
         <name>.debug_info</name>
         <load_address>0x1af5</load_address>
         <run_address>0x1af5</run_address>
         <size>0x26e</size>
         <input_file_ref idref="fl-6"/>
      </object_component>
      <object_component id="oc-163">
         <name>.debug_info</name>
         <load_address>0x1d63</load_address>
         <run_address>0x1d63</run_address>
         <size>0x110</size>
         <input_file_ref idref="fl-6"/>
      </object_component>
      <object_component id="oc-119">
         <name>.debug_info</name>
         <load_address>0x1e73</load_address>
         <run_address>0x1e73</run_address>
         <size>0x31c</size>
         <input_file_ref idref="fl-7"/>
      </object_component>
      <object_component id="oc-90">
         <name>.debug_info</name>
         <load_address>0x218f</load_address>
         <run_address>0x218f</run_address>
         <size>0x3e4</size>
         <input_file_ref idref="fl-7"/>
      </object_component>
      <object_component id="oc-39">
         <name>.debug_info</name>
         <load_address>0x2573</load_address>
         <run_address>0x2573</run_address>
         <size>0x2a9</size>
         <input_file_ref idref="fl-8"/>
      </object_component>
      <object_component id="oc-10">
         <name>.debug_info</name>
         <load_address>0x281c</load_address>
         <run_address>0x281c</run_address>
         <size>0xdc</size>
         <input_file_ref idref="fl-8"/>
      </object_component>
      <object_component id="oc-2d">
         <name>.debug_info</name>
         <load_address>0x28f8</load_address>
         <run_address>0x28f8</run_address>
         <size>0x258</size>
         <input_file_ref idref="fl-8"/>
      </object_component>
      <object_component id="oc-25">
         <name>.debug_info</name>
         <load_address>0x2b50</load_address>
         <run_address>0x2b50</run_address>
         <size>0x160</size>
         <input_file_ref idref="fl-c2"/>
      </object_component>
      <object_component id="oc-b2">
         <name>.debug_info</name>
         <load_address>0x2cb0</load_address>
         <run_address>0x2cb0</run_address>
         <size>0x293</size>
         <input_file_ref idref="fl-c3"/>
      </object_component>
      <object_component id="oc-15">
         <name>.debug_info</name>
         <load_address>0x2f43</load_address>
         <run_address>0x2f43</run_address>
         <size>0x245</size>
         <input_file_ref idref="fl-c3"/>
      </object_component>
      <object_component id="oc-3b">
         <name>.debug_info</name>
         <load_address>0x3188</load_address>
         <run_address>0x3188</run_address>
         <size>0x60</size>
         <input_file_ref idref="fl-c3"/>
      </object_component>
      <object_component id="oc-ad">
         <name>.debug_info</name>
         <load_address>0x31e8</load_address>
         <run_address>0x31e8</run_address>
         <size>0x46</size>
         <input_file_ref idref="fl-c3"/>
      </object_component>
      <object_component id="oc-50">
         <name>.debug_info</name>
         <load_address>0x322e</load_address>
         <run_address>0x322e</run_address>
         <size>0x2da</size>
         <input_file_ref idref="fl-c4"/>
      </object_component>
      <object_component id="oc-1b">
         <name>.debug_info</name>
         <load_address>0x3508</load_address>
         <run_address>0x3508</run_address>
         <size>0x1df</size>
         <input_file_ref idref="fl-c4"/>
      </object_component>
      <object_component id="oc-4b">
         <name>.debug_info</name>
         <load_address>0x36e7</load_address>
         <run_address>0x36e7</run_address>
         <size>0x46</size>
         <input_file_ref idref="fl-c4"/>
      </object_component>
      <object_component id="oc-b4">
         <name>.debug_info</name>
         <load_address>0x372d</load_address>
         <run_address>0x372d</run_address>
         <size>0x2c</size>
         <input_file_ref idref="fl-c4"/>
      </object_component>
      <object_component id="oc-5c">
         <name>.debug_info</name>
         <load_address>0x3759</load_address>
         <run_address>0x3759</run_address>
         <size>0x2c9</size>
         <input_file_ref idref="fl-c5"/>
      </object_component>
      <object_component id="oc-1f">
         <name>.debug_info</name>
         <load_address>0x3a22</load_address>
         <run_address>0x3a22</run_address>
         <size>0x1aa</size>
         <input_file_ref idref="fl-c5"/>
      </object_component>
      <object_component id="oc-57">
         <name>.debug_info</name>
         <load_address>0x3bcc</load_address>
         <run_address>0x3bcc</run_address>
         <size>0x46</size>
         <input_file_ref idref="fl-c5"/>
      </object_component>
      <object_component id="oc-bc">
         <name>.debug_info</name>
         <load_address>0x3c12</load_address>
         <run_address>0x3c12</run_address>
         <size>0x2c</size>
         <input_file_ref idref="fl-c5"/>
      </object_component>
      <object_component id="oc-dc">
         <name>.debug_info</name>
         <load_address>0x3c3e</load_address>
         <run_address>0x3c3e</run_address>
         <size>0x3ce</size>
         <input_file_ref idref="fl-c6"/>
      </object_component>
      <object_component id="oc-d6">
         <name>.debug_info</name>
         <load_address>0x400c</load_address>
         <run_address>0x400c</run_address>
         <size>0x185</size>
         <input_file_ref idref="fl-c6"/>
      </object_component>
      <object_component id="oc-76">
         <name>.debug_info</name>
         <load_address>0x4191</load_address>
         <run_address>0x4191</run_address>
         <size>0x214</size>
         <input_file_ref idref="fl-c6"/>
      </object_component>
      <object_component id="oc-10a">
         <name>.debug_info</name>
         <load_address>0x43a5</load_address>
         <run_address>0x43a5</run_address>
         <size>0x144</size>
         <input_file_ref idref="fl-c7"/>
      </object_component>
      <object_component id="oc-114">
         <name>.debug_info</name>
         <load_address>0x44e9</load_address>
         <run_address>0x44e9</run_address>
         <size>0x132</size>
         <input_file_ref idref="fl-c8"/>
      </object_component>
      <object_component id="oc-10f">
         <name>.debug_info</name>
         <load_address>0x461b</load_address>
         <run_address>0x461b</run_address>
         <size>0x132</size>
         <input_file_ref idref="fl-c9"/>
      </object_component>
      <object_component id="oc-101">
         <name>.debug_info</name>
         <load_address>0x474d</load_address>
         <run_address>0x474d</run_address>
         <size>0x136</size>
         <input_file_ref idref="fl-ca"/>
      </object_component>
      <object_component id="oc-106">
         <name>.debug_info</name>
         <load_address>0x4883</load_address>
         <run_address>0x4883</run_address>
         <size>0x124</size>
         <input_file_ref idref="fl-cb"/>
      </object_component>
      <object_component id="oc-fd">
         <name>.debug_info</name>
         <load_address>0x49a7</load_address>
         <run_address>0x49a7</run_address>
         <size>0x124</size>
         <input_file_ref idref="fl-cc"/>
      </object_component>
      <object_component id="oc-11b">
         <name>.debug_info</name>
         <load_address>0x4acb</load_address>
         <run_address>0x4acb</run_address>
         <size>0x2e6</size>
         <input_file_ref idref="fl-cd"/>
      </object_component>
      <object_component id="oc-96">
         <name>.debug_info</name>
         <load_address>0x4db1</load_address>
         <run_address>0x4db1</run_address>
         <size>0x1c2</size>
         <input_file_ref idref="fl-cd"/>
      </object_component>
      <object_component id="oc-46">
         <name>.debug_info</name>
         <load_address>0x4f73</load_address>
         <run_address>0x4f73</run_address>
         <size>0x111</size>
         <input_file_ref idref="fl-ce"/>
      </object_component>
      <object_component id="oc-54">
         <name>.debug_info</name>
         <load_address>0x5084</load_address>
         <run_address>0x5084</run_address>
         <size>0x13f</size>
         <input_file_ref idref="fl-cf"/>
      </object_component>
      <object_component id="oc-61">
         <name>.debug_info</name>
         <load_address>0x51c3</load_address>
         <run_address>0x51c3</run_address>
         <size>0x138</size>
         <input_file_ref idref="fl-d0"/>
      </object_component>
      <object_component id="oc-66">
         <name>.debug_info</name>
         <load_address>0x52fb</load_address>
         <run_address>0x52fb</run_address>
         <size>0x148</size>
         <input_file_ref idref="fl-d1"/>
      </object_component>
      <object_component id="oc-7c">
         <name>.debug_info</name>
         <load_address>0x5443</load_address>
         <run_address>0x5443</run_address>
         <size>0x109</size>
         <input_file_ref idref="fl-d2"/>
      </object_component>
      <object_component id="oc-152">
         <name>.debug_info</name>
         <load_address>0x554c</load_address>
         <run_address>0x554c</run_address>
         <size>0x284</size>
         <input_file_ref idref="fl-d3"/>
      </object_component>
      <object_component id="oc-ef">
         <name>.debug_info</name>
         <load_address>0x57d0</load_address>
         <run_address>0x57d0</run_address>
         <size>0x22a</size>
         <input_file_ref idref="fl-d3"/>
      </object_component>
      <object_component id="oc-15a">
         <name>.debug_info</name>
         <load_address>0x59fa</load_address>
         <run_address>0x59fa</run_address>
         <size>0x2dc</size>
         <input_file_ref idref="fl-d4"/>
      </object_component>
      <object_component id="oc-f5">
         <name>.debug_info</name>
         <load_address>0x5cd6</load_address>
         <run_address>0x5cd6</run_address>
         <size>0x267</size>
         <input_file_ref idref="fl-d4"/>
      </object_component>
      <object_component id="oc-14b">
         <name>.debug_info</name>
         <load_address>0x5f3d</load_address>
         <run_address>0x5f3d</run_address>
         <size>0x2be</size>
         <input_file_ref idref="fl-d5"/>
      </object_component>
      <object_component id="oc-d9">
         <name>.debug_info</name>
         <load_address>0x61fb</load_address>
         <run_address>0x61fb</run_address>
         <size>0x113</size>
         <input_file_ref idref="fl-d5"/>
      </object_component>
      <object_component id="oc-145">
         <name>.debug_info</name>
         <load_address>0x630e</load_address>
         <run_address>0x630e</run_address>
         <size>0x21f</size>
         <input_file_ref idref="fl-d5"/>
      </object_component>
      <object_component id="oc-d4">
         <name>.debug_info</name>
         <load_address>0x652d</load_address>
         <run_address>0x652d</run_address>
         <size>0x300</size>
         <input_file_ref idref="fl-d6"/>
      </object_component>
      <object_component id="oc-72">
         <name>.debug_info</name>
         <load_address>0x682d</load_address>
         <run_address>0x682d</run_address>
         <size>0x167</size>
         <input_file_ref idref="fl-d6"/>
      </object_component>
      <object_component id="oc-13c">
         <name>.debug_info</name>
         <load_address>0x6994</load_address>
         <run_address>0x6994</run_address>
         <size>0x5e</size>
         <input_file_ref idref="fl-d6"/>
      </object_component>
      <object_component id="oc-d2">
         <name>.debug_info</name>
         <load_address>0x69f2</load_address>
         <run_address>0x69f2</run_address>
         <size>0x483</size>
         <input_file_ref idref="fl-d7"/>
      </object_component>
      <object_component id="oc-6b">
         <name>.debug_info</name>
         <load_address>0x6e75</load_address>
         <run_address>0x6e75</run_address>
         <size>0x190</size>
         <input_file_ref idref="fl-d7"/>
      </object_component>
      <object_component id="oc-130">
         <name>.debug_info</name>
         <load_address>0x7005</load_address>
         <run_address>0x7005</run_address>
         <size>0x39</size>
         <input_file_ref idref="fl-d7"/>
      </object_component>
      <object_component id="oc-171">
         <name>.debug_info</name>
         <load_address>0x703e</load_address>
         <run_address>0x703e</run_address>
         <size>0x39</size>
         <input_file_ref idref="fl-d7"/>
      </object_component>
      <object_component id="oc-135">
         <name>.debug_info</name>
         <load_address>0x7077</load_address>
         <run_address>0x7077</run_address>
         <size>0xcd</size>
         <input_file_ref idref="fl-d7"/>
      </object_component>
      <object_component id="oc-12c">
         <name>.debug_info</name>
         <load_address>0x7144</load_address>
         <run_address>0x7144</run_address>
         <size>0x37a</size>
         <input_file_ref idref="fl-d8"/>
      </object_component>
      <object_component id="oc-c8">
         <name>.debug_info</name>
         <load_address>0x74be</load_address>
         <run_address>0x74be</run_address>
         <size>0x183</size>
         <input_file_ref idref="fl-d8"/>
      </object_component>
      <object_component id="oc-16c">
         <name>.debug_info</name>
         <load_address>0x7641</load_address>
         <run_address>0x7641</run_address>
         <size>0x2c</size>
         <input_file_ref idref="fl-d8"/>
      </object_component>
      <object_component id="oc-17d">
         <name>.debug_info</name>
         <load_address>0x766d</load_address>
         <run_address>0x766d</run_address>
         <size>0xee</size>
         <input_file_ref idref="fl-d9"/>
      </object_component>
      <object_component id="oc-154">
         <name>.debug_info</name>
         <load_address>0x775b</load_address>
         <run_address>0x775b</run_address>
         <size>0xfa</size>
         <input_file_ref idref="fl-d9"/>
      </object_component>
      <object_component id="oc-157">
         <name>.debug_info</name>
         <load_address>0x7855</load_address>
         <run_address>0x7855</run_address>
         <size>0xf3</size>
         <input_file_ref idref="fl-da"/>
      </object_component>
      <object_component id="oc-cd">
         <name>.debug_info</name>
         <load_address>0x7948</load_address>
         <run_address>0x7948</run_address>
         <size>0x145</size>
         <input_file_ref idref="fl-db"/>
      </object_component>
      <object_component id="oc-1a8">
         <name>.debug_info</name>
         <load_address>0x7a8d</load_address>
         <run_address>0x7a8d</run_address>
         <size>0x92</size>
      </object_component>
      <object_component id="oc-e4">
         <name>.debug_line</name>
         <load_address>0x0</load_address>
         <run_address>0x0</run_address>
         <size>0x119</size>
         <input_file_ref idref="fl-2"/>
      </object_component>
      <object_component id="oc-123">
         <name>.debug_line</name>
         <load_address>0x119</load_address>
         <run_address>0x119</run_address>
         <size>0x2c</size>
         <input_file_ref idref="fl-2"/>
      </object_component>
      <object_component id="oc-43">
         <name>.debug_line</name>
         <load_address>0x145</load_address>
         <run_address>0x145</run_address>
         <size>0x20</size>
         <input_file_ref idref="fl-2"/>
      </object_component>
      <object_component id="oc-a9">
         <name>.debug_line</name>
         <load_address>0x165</load_address>
         <run_address>0x165</run_address>
         <size>0x65</size>
         <input_file_ref idref="fl-2"/>
      </object_component>
      <object_component id="oc-eb">
         <name>.debug_line</name>
         <load_address>0x1ca</load_address>
         <run_address>0x1ca</run_address>
         <size>0xdd</size>
         <input_file_ref idref="fl-3"/>
      </object_component>
      <object_component id="oc-84">
         <name>.debug_line</name>
         <load_address>0x2a7</load_address>
         <run_address>0x2a7</run_address>
         <size>0x48</size>
         <input_file_ref idref="fl-4"/>
      </object_component>
      <object_component id="oc-11f">
         <name>.debug_line</name>
         <load_address>0x2ef</load_address>
         <run_address>0x2ef</run_address>
         <size>0x38</size>
         <input_file_ref idref="fl-5"/>
      </object_component>
      <object_component id="oc-87">
         <name>.debug_line</name>
         <load_address>0x327</load_address>
         <run_address>0x327</run_address>
         <size>0x248</size>
         <input_file_ref idref="fl-5"/>
      </object_component>
      <object_component id="oc-128">
         <name>.debug_line</name>
         <load_address>0x56f</load_address>
         <run_address>0x56f</run_address>
         <size>0x9b</size>
         <input_file_ref idref="fl-6"/>
      </object_component>
      <object_component id="oc-126">
         <name>.debug_line</name>
         <load_address>0x60a</load_address>
         <run_address>0x60a</run_address>
         <size>0x2d</size>
         <input_file_ref idref="fl-6"/>
      </object_component>
      <object_component id="oc-11d">
         <name>.debug_line</name>
         <load_address>0x637</load_address>
         <run_address>0x637</run_address>
         <size>0x2d</size>
         <input_file_ref idref="fl-6"/>
      </object_component>
      <object_component id="oc-32">
         <name>.debug_line</name>
         <load_address>0x664</load_address>
         <run_address>0x664</run_address>
         <size>0x103</size>
         <input_file_ref idref="fl-6"/>
      </object_component>
      <object_component id="oc-166">
         <name>.debug_line</name>
         <load_address>0x767</load_address>
         <run_address>0x767</run_address>
         <size>0x65</size>
         <input_file_ref idref="fl-6"/>
      </object_component>
      <object_component id="oc-162">
         <name>.debug_line</name>
         <load_address>0x7cc</load_address>
         <run_address>0x7cc</run_address>
         <size>0xaa</size>
         <input_file_ref idref="fl-7"/>
      </object_component>
      <object_component id="oc-8d">
         <name>.debug_line</name>
         <load_address>0x876</load_address>
         <run_address>0x876</run_address>
         <size>0x112</size>
         <input_file_ref idref="fl-7"/>
      </object_component>
      <object_component id="oc-ac">
         <name>.debug_line</name>
         <load_address>0x988</load_address>
         <run_address>0x988</run_address>
         <size>0x41</size>
         <input_file_ref idref="fl-8"/>
      </object_component>
      <object_component id="oc-38">
         <name>.debug_line</name>
         <load_address>0x9c9</load_address>
         <run_address>0x9c9</run_address>
         <size>0x41</size>
         <input_file_ref idref="fl-8"/>
      </object_component>
      <object_component id="oc-2c">
         <name>.debug_line</name>
         <load_address>0xa0a</load_address>
         <run_address>0xa0a</run_address>
         <size>0xa1</size>
         <input_file_ref idref="fl-8"/>
      </object_component>
      <object_component id="oc-28">
         <name>.debug_line</name>
         <load_address>0xaab</load_address>
         <run_address>0xaab</run_address>
         <size>0x53</size>
         <input_file_ref idref="fl-c2"/>
      </object_component>
      <object_component id="oc-12a">
         <name>.debug_line</name>
         <load_address>0xafe</load_address>
         <run_address>0xafe</run_address>
         <size>0x20</size>
         <input_file_ref idref="fl-c3"/>
      </object_component>
      <object_component id="oc-14">
         <name>.debug_line</name>
         <load_address>0xb1e</load_address>
         <run_address>0xb1e</run_address>
         <size>0xa9</size>
         <input_file_ref idref="fl-c3"/>
      </object_component>
      <object_component id="oc-3e">
         <name>.debug_line</name>
         <load_address>0xbc7</load_address>
         <run_address>0xbc7</run_address>
         <size>0x3a</size>
         <input_file_ref idref="fl-c3"/>
      </object_component>
      <object_component id="oc-b0">
         <name>.debug_line</name>
         <load_address>0xc01</load_address>
         <run_address>0xc01</run_address>
         <size>0x8a</size>
         <input_file_ref idref="fl-c3"/>
      </object_component>
      <object_component id="oc-ba">
         <name>.debug_line</name>
         <load_address>0xc8b</load_address>
         <run_address>0xc8b</run_address>
         <size>0x8a</size>
         <input_file_ref idref="fl-c4"/>
      </object_component>
      <object_component id="oc-1a">
         <name>.debug_line</name>
         <load_address>0xd15</load_address>
         <run_address>0xd15</run_address>
         <size>0x55</size>
         <input_file_ref idref="fl-c4"/>
      </object_component>
      <object_component id="oc-4e">
         <name>.debug_line</name>
         <load_address>0xd6a</load_address>
         <run_address>0xd6a</run_address>
         <size>0x3a</size>
         <input_file_ref idref="fl-c4"/>
      </object_component>
      <object_component id="oc-b7">
         <name>.debug_line</name>
         <load_address>0xda4</load_address>
         <run_address>0xda4</run_address>
         <size>0x8a</size>
         <input_file_ref idref="fl-c4"/>
      </object_component>
      <object_component id="oc-c2">
         <name>.debug_line</name>
         <load_address>0xe2e</load_address>
         <run_address>0xe2e</run_address>
         <size>0x8a</size>
         <input_file_ref idref="fl-c5"/>
      </object_component>
      <object_component id="oc-22">
         <name>.debug_line</name>
         <load_address>0xeb8</load_address>
         <run_address>0xeb8</run_address>
         <size>0x4f</size>
         <input_file_ref idref="fl-c5"/>
      </object_component>
      <object_component id="oc-5a">
         <name>.debug_line</name>
         <load_address>0xf07</load_address>
         <run_address>0xf07</run_address>
         <size>0x34</size>
         <input_file_ref idref="fl-c5"/>
      </object_component>
      <object_component id="oc-bf">
         <name>.debug_line</name>
         <load_address>0xf3b</load_address>
         <run_address>0xf3b</run_address>
         <size>0x8a</size>
         <input_file_ref idref="fl-c5"/>
      </object_component>
      <object_component id="oc-14e">
         <name>.debug_line</name>
         <load_address>0xfc5</load_address>
         <run_address>0xfc5</run_address>
         <size>0xf2</size>
         <input_file_ref idref="fl-c6"/>
      </object_component>
      <object_component id="oc-142">
         <name>.debug_line</name>
         <load_address>0x10b7</load_address>
         <run_address>0x10b7</run_address>
         <size>0x2a</size>
         <input_file_ref idref="fl-c6"/>
      </object_component>
      <object_component id="oc-79">
         <name>.debug_line</name>
         <load_address>0x10e1</load_address>
         <run_address>0x10e1</run_address>
         <size>0x86</size>
         <input_file_ref idref="fl-c6"/>
      </object_component>
      <object_component id="oc-10d">
         <name>.debug_line</name>
         <load_address>0x1167</load_address>
         <run_address>0x1167</run_address>
         <size>0xd2</size>
         <input_file_ref idref="fl-c7"/>
      </object_component>
      <object_component id="oc-117">
         <name>.debug_line</name>
         <load_address>0x1239</load_address>
         <run_address>0x1239</run_address>
         <size>0xa8</size>
         <input_file_ref idref="fl-c8"/>
      </object_component>
      <object_component id="oc-112">
         <name>.debug_line</name>
         <load_address>0x12e1</load_address>
         <run_address>0x12e1</run_address>
         <size>0x8e</size>
         <input_file_ref idref="fl-c9"/>
      </object_component>
      <object_component id="oc-103">
         <name>.debug_line</name>
         <load_address>0x136f</load_address>
         <run_address>0x136f</run_address>
         <size>0x67</size>
         <input_file_ref idref="fl-ca"/>
      </object_component>
      <object_component id="oc-105">
         <name>.debug_line</name>
         <load_address>0x13d6</load_address>
         <run_address>0x13d6</run_address>
         <size>0x57</size>
         <input_file_ref idref="fl-cb"/>
      </object_component>
      <object_component id="oc-fc">
         <name>.debug_line</name>
         <load_address>0x142d</load_address>
         <run_address>0x142d</run_address>
         <size>0x50</size>
         <input_file_ref idref="fl-cc"/>
      </object_component>
      <object_component id="oc-169">
         <name>.debug_line</name>
         <load_address>0x147d</load_address>
         <run_address>0x147d</run_address>
         <size>0x8a</size>
         <input_file_ref idref="fl-cd"/>
      </object_component>
      <object_component id="oc-95">
         <name>.debug_line</name>
         <load_address>0x1507</load_address>
         <run_address>0x1507</run_address>
         <size>0x66</size>
         <input_file_ref idref="fl-cd"/>
      </object_component>
      <object_component id="oc-49">
         <name>.debug_line</name>
         <load_address>0x156d</load_address>
         <run_address>0x156d</run_address>
         <size>0x88</size>
         <input_file_ref idref="fl-ce"/>
      </object_component>
      <object_component id="oc-52">
         <name>.debug_line</name>
         <load_address>0x15f5</load_address>
         <run_address>0x15f5</run_address>
         <size>0x79</size>
         <input_file_ref idref="fl-cf"/>
      </object_component>
      <object_component id="oc-5f">
         <name>.debug_line</name>
         <load_address>0x166e</load_address>
         <run_address>0x166e</run_address>
         <size>0x3d</size>
         <input_file_ref idref="fl-d0"/>
      </object_component>
      <object_component id="oc-68">
         <name>.debug_line</name>
         <load_address>0x16ab</load_address>
         <run_address>0x16ab</run_address>
         <size>0x40</size>
         <input_file_ref idref="fl-d1"/>
      </object_component>
      <object_component id="oc-df">
         <name>.debug_line</name>
         <load_address>0x16eb</load_address>
         <run_address>0x16eb</run_address>
         <size>0x33</size>
         <input_file_ref idref="fl-d2"/>
      </object_component>
      <object_component id="oc-17a">
         <name>.debug_line</name>
         <load_address>0x171e</load_address>
         <run_address>0x171e</run_address>
         <size>0x20</size>
         <input_file_ref idref="fl-d3"/>
      </object_component>
      <object_component id="oc-f2">
         <name>.debug_line</name>
         <load_address>0x173e</load_address>
         <run_address>0x173e</run_address>
         <size>0xaa</size>
         <input_file_ref idref="fl-d3"/>
      </object_component>
      <object_component id="oc-181">
         <name>.debug_line</name>
         <load_address>0x17e8</load_address>
         <run_address>0x17e8</run_address>
         <size>0xf2</size>
         <input_file_ref idref="fl-d4"/>
      </object_component>
      <object_component id="oc-f9">
         <name>.debug_line</name>
         <load_address>0x18da</load_address>
         <run_address>0x18da</run_address>
         <size>0xc5</size>
         <input_file_ref idref="fl-d4"/>
      </object_component>
      <object_component id="oc-178">
         <name>.debug_line</name>
         <load_address>0x199f</load_address>
         <run_address>0x199f</run_address>
         <size>0x20</size>
         <input_file_ref idref="fl-d5"/>
      </object_component>
      <object_component id="oc-14a">
         <name>.debug_line</name>
         <load_address>0x19bf</load_address>
         <run_address>0x19bf</run_address>
         <size>0x2b</size>
         <input_file_ref idref="fl-d5"/>
      </object_component>
      <object_component id="oc-144">
         <name>.debug_line</name>
         <load_address>0x19ea</load_address>
         <run_address>0x19ea</run_address>
         <size>0x68</size>
         <input_file_ref idref="fl-d5"/>
      </object_component>
      <object_component id="oc-13b">
         <name>.debug_line</name>
         <load_address>0x1a52</load_address>
         <run_address>0x1a52</run_address>
         <size>0x2b</size>
         <input_file_ref idref="fl-d6"/>
      </object_component>
      <object_component id="oc-70">
         <name>.debug_line</name>
         <load_address>0x1a7d</load_address>
         <run_address>0x1a7d</run_address>
         <size>0x4a</size>
         <input_file_ref idref="fl-d6"/>
      </object_component>
      <object_component id="oc-13f">
         <name>.debug_line</name>
         <load_address>0x1ac7</load_address>
         <run_address>0x1ac7</run_address>
         <size>0x2b</size>
         <input_file_ref idref="fl-d6"/>
      </object_component>
      <object_component id="oc-12f">
         <name>.debug_line</name>
         <load_address>0x1af2</load_address>
         <run_address>0x1af2</run_address>
         <size>0xa9</size>
         <input_file_ref idref="fl-d7"/>
      </object_component>
      <object_component id="oc-6a">
         <name>.debug_line</name>
         <load_address>0x1b9b</load_address>
         <run_address>0x1b9b</run_address>
         <size>0x8b</size>
         <input_file_ref idref="fl-d7"/>
      </object_component>
      <object_component id="oc-133">
         <name>.debug_line</name>
         <load_address>0x1c26</load_address>
         <run_address>0x1c26</run_address>
         <size>0x2e</size>
         <input_file_ref idref="fl-d7"/>
      </object_component>
      <object_component id="oc-174">
         <name>.debug_line</name>
         <load_address>0x1c54</load_address>
         <run_address>0x1c54</run_address>
         <size>0x8a</size>
         <input_file_ref idref="fl-d7"/>
      </object_component>
      <object_component id="oc-138">
         <name>.debug_line</name>
         <load_address>0x1cde</load_address>
         <run_address>0x1cde</run_address>
         <size>0x8b</size>
         <input_file_ref idref="fl-d7"/>
      </object_component>
      <object_component id="oc-16b">
         <name>.debug_line</name>
         <load_address>0x1d69</load_address>
         <run_address>0x1d69</run_address>
         <size>0x98</size>
         <input_file_ref idref="fl-d8"/>
      </object_component>
      <object_component id="oc-c6">
         <name>.debug_line</name>
         <load_address>0x1e01</load_address>
         <run_address>0x1e01</run_address>
         <size>0x68</size>
         <input_file_ref idref="fl-d8"/>
      </object_component>
      <object_component id="oc-16f">
         <name>.debug_line</name>
         <load_address>0x1e69</load_address>
         <run_address>0x1e69</run_address>
         <size>0x2e</size>
         <input_file_ref idref="fl-d8"/>
      </object_component>
      <object_component id="oc-183">
         <name>.debug_line</name>
         <load_address>0x1e97</load_address>
         <run_address>0x1e97</run_address>
         <size>0x20</size>
         <input_file_ref idref="fl-d9"/>
      </object_component>
      <object_component id="oc-17c">
         <name>.debug_line</name>
         <load_address>0x1eb7</load_address>
         <run_address>0x1eb7</run_address>
         <size>0x2b</size>
         <input_file_ref idref="fl-d9"/>
      </object_component>
      <object_component id="oc-17f">
         <name>.debug_line</name>
         <load_address>0x1ee2</load_address>
         <run_address>0x1ee2</run_address>
         <size>0x2b</size>
         <input_file_ref idref="fl-da"/>
      </object_component>
      <object_component id="oc-cc">
         <name>.debug_line</name>
         <load_address>0x1f0d</load_address>
         <run_address>0x1f0d</run_address>
         <size>0x3c</size>
         <input_file_ref idref="fl-db"/>
      </object_component>
      <object_component id="oc-e5">
         <name>.debug_frame</name>
         <load_address>0x0</load_address>
         <run_address>0x0</run_address>
         <size>0x75</size>
         <input_file_ref idref="fl-2"/>
      </object_component>
      <object_component id="oc-e7">
         <name>.debug_frame</name>
         <load_address>0x75</load_address>
         <run_address>0x75</run_address>
         <size>0x59</size>
         <input_file_ref idref="fl-3"/>
      </object_component>
      <object_component id="oc-85">
         <name>.debug_frame</name>
         <load_address>0xce</load_address>
         <run_address>0xce</run_address>
         <size>0x58</size>
         <input_file_ref idref="fl-4"/>
      </object_component>
      <object_component id="oc-8b">
         <name>.debug_frame</name>
         <load_address>0x126</load_address>
         <run_address>0x126</run_address>
         <size>0x164</size>
         <input_file_ref idref="fl-5"/>
      </object_component>
      <object_component id="oc-36">
         <name>.debug_frame</name>
         <load_address>0x28a</load_address>
         <run_address>0x28a</run_address>
         <size>0x75</size>
         <input_file_ref idref="fl-6"/>
      </object_component>
      <object_component id="oc-8e">
         <name>.debug_frame</name>
         <load_address>0x2ff</load_address>
         <run_address>0x2ff</run_address>
         <size>0x7e</size>
         <input_file_ref idref="fl-7"/>
      </object_component>
      <object_component id="oc-30">
         <name>.debug_frame</name>
         <load_address>0x37d</load_address>
         <run_address>0x37d</run_address>
         <size>0x84</size>
         <input_file_ref idref="fl-8"/>
      </object_component>
      <object_component id="oc-13">
         <name>.debug_frame</name>
         <load_address>0x401</load_address>
         <run_address>0x401</run_address>
         <size>0x60</size>
         <input_file_ref idref="fl-c3"/>
      </object_component>
      <object_component id="oc-19">
         <name>.debug_frame</name>
         <load_address>0x461</load_address>
         <run_address>0x461</run_address>
         <size>0x51</size>
         <input_file_ref idref="fl-c4"/>
      </object_component>
      <object_component id="oc-23">
         <name>.debug_frame</name>
         <load_address>0x4b2</load_address>
         <run_address>0x4b2</run_address>
         <size>0x51</size>
         <input_file_ref idref="fl-c5"/>
      </object_component>
      <object_component id="oc-7a">
         <name>.debug_frame</name>
         <load_address>0x503</load_address>
         <run_address>0x503</run_address>
         <size>0x85</size>
         <input_file_ref idref="fl-c6"/>
      </object_component>
      <object_component id="oc-93">
         <name>.debug_frame</name>
         <load_address>0x588</load_address>
         <run_address>0x588</run_address>
         <size>0x60</size>
         <input_file_ref idref="fl-cd"/>
      </object_component>
      <object_component id="oc-60">
         <name>.debug_frame</name>
         <load_address>0x5e8</load_address>
         <run_address>0x5e8</run_address>
         <size>0x51</size>
         <input_file_ref idref="fl-d0"/>
      </object_component>
      <object_component id="oc-64">
         <name>.debug_frame</name>
         <load_address>0x639</load_address>
         <run_address>0x639</run_address>
         <size>0x51</size>
         <input_file_ref idref="fl-d1"/>
      </object_component>
      <object_component id="oc-f3">
         <name>.debug_frame</name>
         <load_address>0x68a</load_address>
         <run_address>0x68a</run_address>
         <size>0x51</size>
         <input_file_ref idref="fl-d3"/>
      </object_component>
      <object_component id="oc-f8">
         <name>.debug_frame</name>
         <load_address>0x6db</load_address>
         <run_address>0x6db</run_address>
         <size>0x69</size>
         <input_file_ref idref="fl-d4"/>
      </object_component>
      <object_component id="oc-148">
         <name>.debug_frame</name>
         <load_address>0x744</load_address>
         <run_address>0x744</run_address>
         <size>0x73</size>
         <input_file_ref idref="fl-d5"/>
      </object_component>
      <object_component id="oc-71">
         <name>.debug_frame</name>
         <load_address>0x7b7</load_address>
         <run_address>0x7b7</run_address>
         <size>0x51</size>
         <input_file_ref idref="fl-d6"/>
      </object_component>
      <object_component id="oc-6e">
         <name>.debug_frame</name>
         <load_address>0x808</load_address>
         <run_address>0x808</run_address>
         <size>0x5c</size>
         <input_file_ref idref="fl-d7"/>
      </object_component>
      <object_component id="oc-c7">
         <name>.debug_frame</name>
         <load_address>0x864</load_address>
         <run_address>0x864</run_address>
         <size>0x60</size>
         <input_file_ref idref="fl-d8"/>
      </object_component>
      <object_component id="oc-d0">
         <name>.debug_frame</name>
         <load_address>0x8c4</load_address>
         <run_address>0x8c4</run_address>
         <size>0x51</size>
         <input_file_ref idref="fl-db"/>
      </object_component>
      <object_component id="oc-14f">
         <name>.debug_abbrev</name>
         <load_address>0x0</load_address>
         <run_address>0x0</run_address>
         <size>0x6c</size>
         <input_file_ref idref="fl-2"/>
      </object_component>
      <object_component id="oc-122">
         <name>.debug_abbrev</name>
         <load_address>0x6c</load_address>
         <run_address>0x6c</run_address>
         <size>0x42</size>
         <input_file_ref idref="fl-2"/>
      </object_component>
      <object_component id="oc-42">
         <name>.debug_abbrev</name>
         <load_address>0xae</load_address>
         <run_address>0xae</run_address>
         <size>0x1f</size>
         <input_file_ref idref="fl-2"/>
      </object_component>
      <object_component id="oc-a8">
         <name>.debug_abbrev</name>
         <load_address>0xcd</load_address>
         <run_address>0xcd</run_address>
         <size>0x35</size>
         <input_file_ref idref="fl-2"/>
      </object_component>
      <object_component id="oc-150">
         <name>.debug_abbrev</name>
         <load_address>0x102</load_address>
         <run_address>0x102</run_address>
         <size>0x6c</size>
         <input_file_ref idref="fl-3"/>
      </object_component>
      <object_component id="oc-ec">
         <name>.debug_abbrev</name>
         <load_address>0x16e</load_address>
         <run_address>0x16e</run_address>
         <size>0x5e</size>
         <input_file_ref idref="fl-4"/>
      </object_component>
      <object_component id="oc-11e">
         <name>.debug_abbrev</name>
         <load_address>0x1cc</load_address>
         <run_address>0x1cc</run_address>
         <size>0x5a</size>
         <input_file_ref idref="fl-5"/>
      </object_component>
      <object_component id="oc-ed">
         <name>.debug_abbrev</name>
         <load_address>0x226</load_address>
         <run_address>0x226</run_address>
         <size>0x85</size>
         <input_file_ref idref="fl-5"/>
      </object_component>
      <object_component id="oc-127">
         <name>.debug_abbrev</name>
         <load_address>0x2ab</load_address>
         <run_address>0x2ab</run_address>
         <size>0xe6</size>
         <input_file_ref idref="fl-6"/>
      </object_component>
      <object_component id="oc-125">
         <name>.debug_abbrev</name>
         <load_address>0x391</load_address>
         <run_address>0x391</run_address>
         <size>0x29</size>
         <input_file_ref idref="fl-6"/>
      </object_component>
      <object_component id="oc-11c">
         <name>.debug_abbrev</name>
         <load_address>0x3ba</load_address>
         <run_address>0x3ba</run_address>
         <size>0x27</size>
         <input_file_ref idref="fl-6"/>
      </object_component>
      <object_component id="oc-a5">
         <name>.debug_abbrev</name>
         <load_address>0x3e1</load_address>
         <run_address>0x3e1</run_address>
         <size>0xa6</size>
         <input_file_ref idref="fl-6"/>
      </object_component>
      <object_component id="oc-165">
         <name>.debug_abbrev</name>
         <load_address>0x487</load_address>
         <run_address>0x487</run_address>
         <size>0x5a</size>
         <input_file_ref idref="fl-6"/>
      </object_component>
      <object_component id="oc-161">
         <name>.debug_abbrev</name>
         <load_address>0x4e1</load_address>
         <run_address>0x4e1</run_address>
         <size>0x95</size>
         <input_file_ref idref="fl-7"/>
      </object_component>
      <object_component id="oc-118">
         <name>.debug_abbrev</name>
         <load_address>0x576</load_address>
         <run_address>0x576</run_address>
         <size>0x87</size>
         <input_file_ref idref="fl-7"/>
      </object_component>
      <object_component id="oc-ab">
         <name>.debug_abbrev</name>
         <load_address>0x5fd</load_address>
         <run_address>0x5fd</run_address>
         <size>0x73</size>
         <input_file_ref idref="fl-8"/>
      </object_component>
      <object_component id="oc-37">
         <name>.debug_abbrev</name>
         <load_address>0x670</load_address>
         <run_address>0x670</run_address>
         <size>0x29</size>
         <input_file_ref idref="fl-8"/>
      </object_component>
      <object_component id="oc-7f">
         <name>.debug_abbrev</name>
         <load_address>0x699</load_address>
         <run_address>0x699</run_address>
         <size>0x79</size>
         <input_file_ref idref="fl-8"/>
      </object_component>
      <object_component id="oc-7e">
         <name>.debug_abbrev</name>
         <load_address>0x712</load_address>
         <run_address>0x712</run_address>
         <size>0x3e</size>
         <input_file_ref idref="fl-c2"/>
      </object_component>
      <object_component id="oc-129">
         <name>.debug_abbrev</name>
         <load_address>0x750</load_address>
         <run_address>0x750</run_address>
         <size>0x37</size>
         <input_file_ref idref="fl-c3"/>
      </object_component>
      <object_component id="oc-3a">
         <name>.debug_abbrev</name>
         <load_address>0x787</load_address>
         <run_address>0x787</run_address>
         <size>0x6f</size>
         <input_file_ref idref="fl-c3"/>
      </object_component>
      <object_component id="oc-3d">
         <name>.debug_abbrev</name>
         <load_address>0x7f6</load_address>
         <run_address>0x7f6</run_address>
         <size>0x24</size>
         <input_file_ref idref="fl-c3"/>
      </object_component>
      <object_component id="oc-af">
         <name>.debug_abbrev</name>
         <load_address>0x81a</load_address>
         <run_address>0x81a</run_address>
         <size>0x35</size>
         <input_file_ref idref="fl-c3"/>
      </object_component>
      <object_component id="oc-b9">
         <name>.debug_abbrev</name>
         <load_address>0x84f</load_address>
         <run_address>0x84f</run_address>
         <size>0x5d</size>
         <input_file_ref idref="fl-c4"/>
      </object_component>
      <object_component id="oc-4a">
         <name>.debug_abbrev</name>
         <load_address>0x8ac</load_address>
         <run_address>0x8ac</run_address>
         <size>0x74</size>
         <input_file_ref idref="fl-c4"/>
      </object_component>
      <object_component id="oc-4d">
         <name>.debug_abbrev</name>
         <load_address>0x920</load_address>
         <run_address>0x920</run_address>
         <size>0x24</size>
         <input_file_ref idref="fl-c4"/>
      </object_component>
      <object_component id="oc-b6">
         <name>.debug_abbrev</name>
         <load_address>0x944</load_address>
         <run_address>0x944</run_address>
         <size>0x24</size>
         <input_file_ref idref="fl-c4"/>
      </object_component>
      <object_component id="oc-c1">
         <name>.debug_abbrev</name>
         <load_address>0x968</load_address>
         <run_address>0x968</run_address>
         <size>0x5d</size>
         <input_file_ref idref="fl-c5"/>
      </object_component>
      <object_component id="oc-56">
         <name>.debug_abbrev</name>
         <load_address>0x9c5</load_address>
         <run_address>0x9c5</run_address>
         <size>0x74</size>
         <input_file_ref idref="fl-c5"/>
      </object_component>
      <object_component id="oc-59">
         <name>.debug_abbrev</name>
         <load_address>0xa39</load_address>
         <run_address>0xa39</run_address>
         <size>0x24</size>
         <input_file_ref idref="fl-c5"/>
      </object_component>
      <object_component id="oc-be">
         <name>.debug_abbrev</name>
         <load_address>0xa5d</load_address>
         <run_address>0xa5d</run_address>
         <size>0x24</size>
         <input_file_ref idref="fl-c5"/>
      </object_component>
      <object_component id="oc-14d">
         <name>.debug_abbrev</name>
         <load_address>0xa81</load_address>
         <run_address>0xa81</run_address>
         <size>0xb3</size>
         <input_file_ref idref="fl-c6"/>
      </object_component>
      <object_component id="oc-141">
         <name>.debug_abbrev</name>
         <load_address>0xb34</load_address>
         <run_address>0xb34</run_address>
         <size>0x29</size>
         <input_file_ref idref="fl-c6"/>
      </object_component>
      <object_component id="oc-db">
         <name>.debug_abbrev</name>
         <load_address>0xb5d</load_address>
         <run_address>0xb5d</run_address>
         <size>0xba</size>
         <input_file_ref idref="fl-c6"/>
      </object_component>
      <object_component id="oc-15e">
         <name>.debug_abbrev</name>
         <load_address>0xc17</load_address>
         <run_address>0xc17</run_address>
         <size>0x3c</size>
         <input_file_ref idref="fl-c7"/>
      </object_component>
      <object_component id="oc-160">
         <name>.debug_abbrev</name>
         <load_address>0xc53</load_address>
         <run_address>0xc53</run_address>
         <size>0x3c</size>
         <input_file_ref idref="fl-c8"/>
      </object_component>
      <object_component id="oc-15f">
         <name>.debug_abbrev</name>
         <load_address>0xc8f</load_address>
         <run_address>0xc8f</run_address>
         <size>0x3c</size>
         <input_file_ref idref="fl-c9"/>
      </object_component>
      <object_component id="oc-15c">
         <name>.debug_abbrev</name>
         <load_address>0xccb</load_address>
         <run_address>0xccb</run_address>
         <size>0x3e</size>
         <input_file_ref idref="fl-ca"/>
      </object_component>
      <object_component id="oc-15d">
         <name>.debug_abbrev</name>
         <load_address>0xd09</load_address>
         <run_address>0xd09</run_address>
         <size>0x3c</size>
         <input_file_ref idref="fl-cb"/>
      </object_component>
      <object_component id="oc-15b">
         <name>.debug_abbrev</name>
         <load_address>0xd45</load_address>
         <run_address>0xd45</run_address>
         <size>0x3e</size>
         <input_file_ref idref="fl-cc"/>
      </object_component>
      <object_component id="oc-168">
         <name>.debug_abbrev</name>
         <load_address>0xd83</load_address>
         <run_address>0xd83</run_address>
         <size>0x8a</size>
         <input_file_ref idref="fl-cd"/>
      </object_component>
      <object_component id="oc-11a">
         <name>.debug_abbrev</name>
         <load_address>0xe0d</load_address>
         <run_address>0xe0d</run_address>
         <size>0x7f</size>
         <input_file_ref idref="fl-cd"/>
      </object_component>
      <object_component id="oc-b3">
         <name>.debug_abbrev</name>
         <load_address>0xe8c</load_address>
         <run_address>0xe8c</run_address>
         <size>0x3e</size>
         <input_file_ref idref="fl-ce"/>
      </object_component>
      <object_component id="oc-bb">
         <name>.debug_abbrev</name>
         <load_address>0xeca</load_address>
         <run_address>0xeca</run_address>
         <size>0x4f</size>
         <input_file_ref idref="fl-cf"/>
      </object_component>
      <object_component id="oc-c3">
         <name>.debug_abbrev</name>
         <load_address>0xf19</load_address>
         <run_address>0xf19</run_address>
         <size>0x53</size>
         <input_file_ref idref="fl-d0"/>
      </object_component>
      <object_component id="oc-c4">
         <name>.debug_abbrev</name>
         <load_address>0xf6c</load_address>
         <run_address>0xf6c</run_address>
         <size>0x55</size>
         <input_file_ref idref="fl-d1"/>
      </object_component>
      <object_component id="oc-de">
         <name>.debug_abbrev</name>
         <load_address>0xfc1</load_address>
         <run_address>0xfc1</run_address>
         <size>0x27</size>
         <input_file_ref idref="fl-d2"/>
      </object_component>
      <object_component id="oc-179">
         <name>.debug_abbrev</name>
         <load_address>0xfe8</load_address>
         <run_address>0xfe8</run_address>
         <size>0x35</size>
         <input_file_ref idref="fl-d3"/>
      </object_component>
      <object_component id="oc-151">
         <name>.debug_abbrev</name>
         <load_address>0x101d</load_address>
         <run_address>0x101d</run_address>
         <size>0x71</size>
         <input_file_ref idref="fl-d3"/>
      </object_component>
      <object_component id="oc-180">
         <name>.debug_abbrev</name>
         <load_address>0x108e</load_address>
         <run_address>0x108e</run_address>
         <size>0x7e</size>
         <input_file_ref idref="fl-d4"/>
      </object_component>
      <object_component id="oc-159">
         <name>.debug_abbrev</name>
         <load_address>0x110c</load_address>
         <run_address>0x110c</run_address>
         <size>0x71</size>
         <input_file_ref idref="fl-d4"/>
      </object_component>
      <object_component id="oc-177">
         <name>.debug_abbrev</name>
         <load_address>0x117d</load_address>
         <run_address>0x117d</run_address>
         <size>0x50</size>
         <input_file_ref idref="fl-d5"/>
      </object_component>
      <object_component id="oc-149">
         <name>.debug_abbrev</name>
         <load_address>0x11cd</load_address>
         <run_address>0x11cd</run_address>
         <size>0x29</size>
         <input_file_ref idref="fl-d5"/>
      </object_component>
      <object_component id="oc-176">
         <name>.debug_abbrev</name>
         <load_address>0x11f6</load_address>
         <run_address>0x11f6</run_address>
         <size>0x6f</size>
         <input_file_ref idref="fl-d5"/>
      </object_component>
      <object_component id="oc-13a">
         <name>.debug_abbrev</name>
         <load_address>0x1265</load_address>
         <run_address>0x1265</run_address>
         <size>0x99</size>
         <input_file_ref idref="fl-d6"/>
      </object_component>
      <object_component id="oc-d3">
         <name>.debug_abbrev</name>
         <load_address>0x12fe</load_address>
         <run_address>0x12fe</run_address>
         <size>0x68</size>
         <input_file_ref idref="fl-d6"/>
      </object_component>
      <object_component id="oc-13e">
         <name>.debug_abbrev</name>
         <load_address>0x1366</load_address>
         <run_address>0x1366</run_address>
         <size>0x49</size>
         <input_file_ref idref="fl-d6"/>
      </object_component>
      <object_component id="oc-12e">
         <name>.debug_abbrev</name>
         <load_address>0x13af</load_address>
         <run_address>0x13af</run_address>
         <size>0xb9</size>
         <input_file_ref idref="fl-d7"/>
      </object_component>
      <object_component id="oc-d1">
         <name>.debug_abbrev</name>
         <load_address>0x1468</load_address>
         <run_address>0x1468</run_address>
         <size>0x7e</size>
         <input_file_ref idref="fl-d7"/>
      </object_component>
      <object_component id="oc-132">
         <name>.debug_abbrev</name>
         <load_address>0x14e6</load_address>
         <run_address>0x14e6</run_address>
         <size>0x24</size>
         <input_file_ref idref="fl-d7"/>
      </object_component>
      <object_component id="oc-173">
         <name>.debug_abbrev</name>
         <load_address>0x150a</load_address>
         <run_address>0x150a</run_address>
         <size>0x24</size>
         <input_file_ref idref="fl-d7"/>
      </object_component>
      <object_component id="oc-137">
         <name>.debug_abbrev</name>
         <load_address>0x152e</load_address>
         <run_address>0x152e</run_address>
         <size>0x4b</size>
         <input_file_ref idref="fl-d7"/>
      </object_component>
      <object_component id="oc-16a">
         <name>.debug_abbrev</name>
         <load_address>0x1579</load_address>
         <run_address>0x1579</run_address>
         <size>0xa7</size>
         <input_file_ref idref="fl-d8"/>
      </object_component>
      <object_component id="oc-12b">
         <name>.debug_abbrev</name>
         <load_address>0x1620</load_address>
         <run_address>0x1620</run_address>
         <size>0x8c</size>
         <input_file_ref idref="fl-d8"/>
      </object_component>
      <object_component id="oc-16e">
         <name>.debug_abbrev</name>
         <load_address>0x16ac</load_address>
         <run_address>0x16ac</run_address>
         <size>0x24</size>
         <input_file_ref idref="fl-d8"/>
      </object_component>
      <object_component id="oc-182">
         <name>.debug_abbrev</name>
         <load_address>0x16d0</load_address>
         <run_address>0x16d0</run_address>
         <size>0x2e</size>
         <input_file_ref idref="fl-d9"/>
      </object_component>
      <object_component id="oc-17b">
         <name>.debug_abbrev</name>
         <load_address>0x16fe</load_address>
         <run_address>0x16fe</run_address>
         <size>0x29</size>
         <input_file_ref idref="fl-d9"/>
      </object_component>
      <object_component id="oc-17e">
         <name>.debug_abbrev</name>
         <load_address>0x1727</load_address>
         <run_address>0x1727</run_address>
         <size>0x27</size>
         <input_file_ref idref="fl-da"/>
      </object_component>
      <object_component id="oc-12d">
         <name>.debug_abbrev</name>
         <load_address>0x174e</load_address>
         <run_address>0x174e</run_address>
         <size>0x53</size>
         <input_file_ref idref="fl-db"/>
      </object_component>
      <object_component id="oc-1a9">
         <name>.debug_abbrev</name>
         <load_address>0x17a1</load_address>
         <run_address>0x17a1</run_address>
         <size>0xf</size>
      </object_component>
      <object_component id="oc-124">
         <name>.debug_str</name>
         <load_address>0x0</load_address>
         <run_address>0x0</run_address>
         <size>0xb6</size>
         <input_file_ref idref="fl-2"/>
      </object_component>
      <object_component id="oc-44">
         <name>.debug_str</name>
         <load_address>0xb6</load_address>
         <run_address>0xb6</run_address>
         <size>0xfa</size>
         <input_file_ref idref="fl-2"/>
      </object_component>
      <object_component id="oc-aa">
         <name>.debug_str</name>
         <load_address>0x1b0</load_address>
         <run_address>0x1b0</run_address>
         <size>0x209</size>
         <input_file_ref idref="fl-2"/>
      </object_component>
      <object_component id="oc-167">
         <name>.debug_str</name>
         <load_address>0x3b9</load_address>
         <run_address>0x3b9</run_address>
         <size>0x110</size>
         <input_file_ref idref="fl-6"/>
      </object_component>
      <object_component id="oc-3f">
         <name>.debug_str</name>
         <load_address>0x4c9</load_address>
         <run_address>0x4c9</run_address>
         <size>0x10d</size>
         <input_file_ref idref="fl-c3"/>
      </object_component>
      <object_component id="oc-b1">
         <name>.debug_str</name>
         <load_address>0x5d6</load_address>
         <run_address>0x5d6</run_address>
         <size>0x14a</size>
         <input_file_ref idref="fl-c3"/>
      </object_component>
      <object_component id="oc-4f">
         <name>.debug_str</name>
         <load_address>0x720</load_address>
         <run_address>0x720</run_address>
         <size>0x100</size>
         <input_file_ref idref="fl-c4"/>
      </object_component>
      <object_component id="oc-b8">
         <name>.debug_str</name>
         <load_address>0x820</load_address>
         <run_address>0x820</run_address>
         <size>0x12d</size>
         <input_file_ref idref="fl-c4"/>
      </object_component>
      <object_component id="oc-5b">
         <name>.debug_str</name>
         <load_address>0x94d</load_address>
         <run_address>0x94d</run_address>
         <size>0xfa</size>
         <input_file_ref idref="fl-c5"/>
      </object_component>
      <object_component id="oc-c0">
         <name>.debug_str</name>
         <load_address>0xa47</load_address>
         <run_address>0xa47</run_address>
         <size>0x12d</size>
         <input_file_ref idref="fl-c5"/>
      </object_component>
      <object_component id="oc-140">
[...]
            <object_component_ref idref="oc-1c"/>
            <object_component_ref idref="oc-21"/>
            <object_component_ref idref="oc-d7"/>
            <object_component_ref idref="oc-77"/>
            <object_component_ref idref="oc-10b"/>
            <object_component_ref idref="oc-115"/>
            <object_component_ref idref="oc-110"/>
            <object_component_ref idref="oc-102"/>
            <object_component_ref idref="oc-108"/>
            <object_component_ref idref="oc-fe"/>
            <object_component_ref idref="oc-97"/>
            <object_component_ref idref="oc-48"/>
            <object_component_ref idref="oc-55"/>
            <object_component_ref idref="oc-62"/>
            <object_component_ref idref="oc-67"/>
            <object_component_ref idref="oc-7d"/>
            <object_component_ref idref="oc-f1"/>
            <object_component_ref idref="oc-f6"/>
            <object_component_ref idref="oc-da"/>
            <object_component_ref idref="oc-147"/>
            <object_component_ref idref="oc-74"/>
            <object_component_ref idref="oc-6c"/>
            <object_component_ref idref="oc-ca"/>
            <object_component_ref idref="oc-155"/>
            <object_component_ref idref="oc-158"/>
            <object_component_ref idref="oc-ce"/>
         </contents>
      </logical_group>
      <logical_group id="lg-1a1" display="never" color="cyan">
         <name>.debug_pubtypes</name>
         <load_address>0x0</load_address>
         <run_address>0x0</run_address>
         <size>0x5d2</size>
         <contents>
            <object_component_ref idref="oc-121"/>
            <object_component_ref idref="oc-41"/>
            <object_component_ref idref="oc-a7"/>
            <object_component_ref idref="oc-164"/>
            <object_component_ref idref="oc-3c"/>
            <object_component_ref idref="oc-ae"/>
            <object_component_ref idref="oc-4c"/>
            <object_component_ref idref="oc-b5"/>
            <object_component_ref idref="oc-58"/>
            <object_component_ref idref="oc-bd"/>
            <object_component_ref idref="oc-dd"/>
            <object_component_ref idref="oc-14c"/>
            <object_component_ref idref="oc-13d"/>
            <object_component_ref idref="oc-131"/>
            <object_component_ref idref="oc-172"/>
            <object_component_ref idref="oc-136"/>
            <object_component_ref idref="oc-16d"/>
         </contents>
      </logical_group>
      <load_segment id="lg-1ab" display="no" color="cyan">
         <name>SEGMENT_0</name>
         <load_address>0x0</load_address>
         <run_address>0x0</run_address>
         <size>0x1d80</size>
         <flags>0x5</flags>
         <contents>
            <logical_group_ref idref="lg-3"/>
            <logical_group_ref idref="lg-4"/>
            <logical_group_ref idref="lg-5"/>
            <logical_group_ref idref="lg-6"/>
         </contents>
      </load_segment>
      <load_segment id="lg-1ac" display="no" color="cyan">
         <name>SEGMENT_1</name>
         <run_address>0x20000000</run_address>
         <size>0x289</size>
         <flags>0x6</flags>
         <contents>
            <logical_group_ref idref="lg-d"/>
            <logical_group_ref idref="lg-b"/>
            <logical_group_ref idref="lg-a"/>
         </contents>
      </load_segment>
   </logical_group_list>
   <placement_map>
      <memory_area display="yes" color="green">
         <name>FLASH</name>
         <page_id>0x0</page_id>
         <origin>0x0</origin>
         <length>0x40000</length>
         <used_space>0x1d7b</used_space>
         <unused_space>0x3e285</unused_space>
         <attributes>RX</attributes>
         <usage_details>
            <allocated_space>
               <start_address>0x0</start_address>
               <size>0x26c</size>
               <logical_group_ref idref="lg-3"/>
            </allocated_space>
            <allocated_space>
               <start_address>0x26c</start_address>
               <size>0x19c6</size>
               <logical_group_ref idref="lg-4"/>
            </allocated_space>
            <allocated_space>
               <start_address>0x1c32</start_address>
               <size>0x111</size>
               <logical_group_ref idref="lg-5"/>
            </allocated_space>
            <available_space>
               <start_address>0x1d43</start_address>
               <size>0x5</size>
            </available_space>
            <allocated_space>
               <start_address>0x1d48</start_address>
               <size>0x38</size>
               <logical_group_ref idref="lg-6"/>
            </allocated_space>
            <available_space>
               <start_address>0x1d80</start_address>
               <size>0x3e280</size>
            </available_space>
         </usage_details>
      </memory_area>
      <memory_area display="yes" color="green">
         <name>SRAM</name>
         <page_id>0x0</page_id>
         <origin>0x20000000</origin>
         <length>0x8000</length>
         <used_space>0x289</used_space>
         <unused_space>0x7d77</unused_space>
         <attributes>RWX</attributes>
         <usage_details>
            <allocated_space>
               <start_address>0x20000000</start_address>
               <size>0x200</size>
               <logical_group_ref idref="lg-d"/>
            </allocated_space>
            <allocated_space>
               <start_address>0x20000200</start_address>
               <size>0x6c</size>
               <logical_group_ref idref="lg-b"/>
            </allocated_space>
            <allocated_space>
               <start_address>0x2000026c</start_address>
               <size>0x1d</size>
               <logical_group_ref idref="lg-a"/>
            </allocated_space>
            <available_space>
               <start_address>0x20000289</start_address>
               <size>0x7d77</size>
            </available_space>
         </usage_details>
      </memory_area>
   </placement_map>
   <cptbl_list>
      <cptbl>
         <name>__TI_cinit_table</name>
         <cprec>
            <name>.data</name>
            <load_address>0x1d48</load_address>
            <load_size>0x11</load_size>
            <run_address>0x2000026c</run_address>
            <run_size>0x1d</run_size>
            <compression>lzss</compression>
         </cprec>
         <cprec>
            <name>.bss</name>
            <load_address>0x1d68</load_address>
            <load_size>0x8</load_size>
            <run_address>0x20000200</run_address>
            <run_size>0x6c</run_size>
            <compression>zero_init</compression>
         </cprec>
      </cptbl>
   </cptbl_list>
   <handler_table>
      <handler_table_name>__TI_handler_table</handler_table_name>
      <handler>
         <index>0x0</index>
         <name>__TI_decompress_lzss</name>
      </handler>
      <handler>
         <index>0x1</index>
         <name>__TI_decompress_none</name>
      </handler>
      <handler>
         <index>0x2</index>
         <name>__TI_zero_init</name>
      </handler>
   </handler_table>
   <symbol_table>
      <symbol id="sm-1">
         <name>__STACK_TOP</name>
         <value>0x20000200</value>
      </symbol>
      <symbol id="sm-2">
         <name>__TI_CINIT_Base</name>
         <value>0x1d70</value>
      </symbol>
      <symbol id="sm-3">
         <name>__TI_CINIT_Limit</name>
         <value>0x1d80</value>
      </symbol>
      <symbol id="sm-4">
         <name>__TI_Handler_Table_Base</name>
         <value>0x1d5c</value>
      </symbol>
      <symbol id="sm-5">
         <name>__TI_Handler_Table_Limit</name>
         <value>0x1d68</value>
      </symbol>
      <symbol id="sm-6">
         <name>binit</name>
         <value>0xffffffff</value>
      </symbol>
      <symbol id="sm-7">
         <name>__binit__</name>
         <value>0xffffffff</value>
      </symbol>
      <symbol id="sm-8">
         <name>__STACK_SIZE</name>
         <value>0x200</value>
      </symbol>
      <symbol id="sm-9">
         <name>__STACK_END</name>
         <value>0x20000200</value>
      </symbol>
      <symbol id="sm-a">
         <name>__c_args__</name>
         <value>0xffffffff</value>
      </symbol>
      <symbol id="sm-b">
         <name>__TI_pprof_out_hndl</name>
         <value>0xffffffff</value>
      </symbol>
      <symbol id="sm-c">
         <name>__TI_prof_data_start</name>
         <value>0xffffffff</value>
      </symbol>
      <symbol id="sm-d">
         <name>__TI_prof_data_size</name>
         <value>0xffffffff</value>
      </symbol>
      <symbol id="sm-7b">
         <name>DIO_WRITE</name>
         <value>0x8c3</value>
         <object_component_ref idref="oc-e0"/>
      </symbol>
      <symbol id="sm-7c">
         <name>DIO_INIT</name>
         <value>0x721</value>
         <object_component_ref idref="oc-e0"/>
      </symbol>
      <symbol id="sm-af">
         <name>interrupt_init</name>
         <value>0xaed</value>
         <object_component_ref idref="oc-e6"/>
      </symbol>
      <symbol id="sm-b9">
         <name>Keypad_INIT</name>
         <value>0x1b6d</value>
         <object_component_ref idref="oc-80"/>
      </symbol>
      <symbol id="sm-eb">
         <name>LCD_pos</name>
         <value>0x20000268</value>
      </symbol>
      <symbol id="sm-ec">
         <name>LCD_counter</name>
         <value>0x20000264</value>
      </symbol>
      <symbol id="sm-ed">
         <name>SEND_STRING</name>
         <value>0x51b</value>
         <object_component_ref idref="oc-86"/>
      </symbol>
      <symbol id="sm-ee">
         <name>clear_display</name>
         <value>0x647</value>
         <object_component_ref idref="oc-86"/>
      </symbol>
      <symbol id="sm-ef">
         <name>delay_us</name>
         <value>0x5a7</value>
         <object_component_ref idref="oc-86"/>
      </symbol>
      <symbol id="sm-f0">
         <name>LCD_INIT</name>
         <value>0x26d</value>
         <object_component_ref idref="oc-86"/>
      </symbol>
      <symbol id="sm-f1">
         <name>move_cursor</name>
         <value>0x363</value>
         <object_component_ref idref="oc-86"/>
      </symbol>
      <symbol id="sm-f2">
         <name>SEND_CHAR</name>
         <value>0x2fd</value>
         <object_component_ref idref="oc-86"/>
      </symbol>
      <symbol id="sm-f3">
         <name>enable_pulse</name>
         <value>0x541</value>
         <object_component_ref idref="oc-86"/>
      </symbol>
      <symbol id="sm-f4">
         <name>cursor_blink</name>
         <value>0x3c9</value>
         <object_component_ref idref="oc-86"/>
      </symbol>
      <symbol id="sm-f5">
         <name>delay_ms</name>
         <value>0x565</value>
         <object_component_ref idref="oc-86"/>
      </symbol>
      <symbol id="sm-f6">
         <name>display_control</name>
         <value>0x5e1</value>
         <object_component_ref idref="oc-86"/>
      </symbol>
      <symbol id="sm-f7">
         <name>SEND_DATA</name>
         <value>0x42f</value>
         <object_component_ref idref="oc-86"/>
      </symbol>
      <symbol id="sm-f8">
         <name>return_home</name>
         <value>0x6b1</value>
         <object_component_ref idref="oc-86"/>
      </symbol>
      <symbol id="sm-12b">
         <name>s</name>
         <value>0x20000200</value>
      </symbol>
      <symbol id="sm-12c">
         <name>main</name>
         <value>0x1091</value>
         <object_component_ref idref="oc-31"/>
      </symbol>
      <symbol id="sm-12d">
         <name>Read_Keypad</name>
         <value>0x10a9</value>
         <object_component_ref idref="oc-31"/>
      </symbol>
      <symbol id="sm-12e">
         <name>counter</name>
         <value>0x20000288</value>
         <object_component_ref idref="oc-9f"/>
      </symbol>
      <symbol id="sm-157">
         <name>parse</name>
         <value>0xe29</value>
         <object_component_ref idref="oc-8c"/>
      </symbol>
      <symbol id="sm-158">
         <name>operation</name>
         <value>0x1009</value>
         <object_component_ref idref="oc-8c"/>
      </symbol>
      <symbol id="sm-174">
         <name>ResetISR</name>
         <value>0x1c23</value>
         <object_component_ref idref="oc-2b"/>
      </symbol>
      <symbol id="sm-175">
         <name>g_pfnVectors</name>
         <value>0x0</value>
         <object_component_ref idref="oc-f"/>
      </symbol>
      <symbol id="sm-186">
         <name>_c_int00</name>
         <value>0x19ed</value>
         <object_component_ref idref="oc-24"/>
      </symbol>
      <symbol id="sm-187">
         <name>__stack</name>
         <value>0x20000000</value>
         <object_component_ref idref="oc-2a"/>
      </symbol>
      <symbol id="sm-1a5">
         <name>__TI_decompress_lzss</name>
         <value>0x1983</value>
         <object_component_ref idref="oc-12"/>
      </symbol>
      <symbol id="sm-1bc">
         <name>__TI_decompress_none</name>
         <value>0x1c09</value>
         <object_component_ref idref="oc-18"/>
      </symbol>
      <symbol id="sm-1d3">
         <name>__TI_zero_init</name>
         <value>0x1c17</value>
         <object_component_ref idref="oc-1e"/>
      </symbol>
      <symbol id="sm-1f4">
         <name>C$$EXIT</name>
         <value>0x1a41</value>
         <object_component_ref idref="oc-75"/>
      </symbol>
      <symbol id="sm-1f5">
         <name>abort</name>
         <value>0x1a45</value>
         <object_component_ref idref="oc-75"/>
      </symbol>
      <symbol id="sm-1f6">
         <name>exit</name>
         <value>0x1a4d</value>
         <object_component_ref idref="oc-75"/>
      </symbol>
      <symbol id="sm-1f7">
         <name>__TI_dtors_ptr</name>
         <value>0x20000270</value>
         <object_component_ref idref="oc-d5"/>
      </symbol>
      <symbol id="sm-1f8">
         <name>__TI_cleanup_ptr</name>
         <value>0x2000026c</value>
         <object_component_ref idref="oc-d5"/>
      </symbol>
      <symbol id="sm-1f9">
         <name>__TI_enable_exit_profile_output</name>
         <value>0x20000274</value>
         <object_component_ref idref="oc-d5"/>
      </symbol>
      <symbol id="sm-210">
         <name>__aeabi_dsub</name>
         <value>0x1271</value>
         <object_component_ref idref="oc-109"/>
      </symbol>
      <symbol id="sm-211">
         <name>__aeabi_dadd</name>
         <value>0x127b</value>
         <object_component_ref idref="oc-109"/>
      </symbol>
      <symbol id="sm-225">
         <name>__aeabi_ddiv</name>
         <value>0x1427</value>
         <object_component_ref idref="oc-113"/>
      </symbol>
      <symbol id="sm-230">
         <name>__aeabi_dmul</name>
         <value>0x1691</value>
         <object_component_ref idref="oc-10e"/>
      </symbol>
      <symbol id="sm-23c">
         <name>__aeabi_d2f</name>
         <value>0x1915</value>
         <object_component_ref idref="oc-ff"/>
      </symbol>
      <symbol id="sm-247">
         <name>__aeabi_f2d</name>
         <value>0x1b35</value>
         <object_component_ref idref="oc-104"/>
      </symbol>
      <symbol id="sm-251">
         <name>__aeabi_i2d</name>
         <value>0x1b9b</value>
         <object_component_ref idref="oc-fa"/>
      </symbol>
      <symbol id="sm-260">
         <name>ltoa</name>
         <value>0x1a95</value>
         <object_component_ref idref="oc-92"/>
      </symbol>
      <symbol id="sm-27b">
         <name>memcpy</name>
         <value>0x178d</value>
         <object_component_ref idref="oc-45"/>
      </symbol>
      <symbol id="sm-27c">
         <name>__aeabi_memcpy</name>
         <value>0x178d</value>
         <object_component_ref idref="oc-45"/>
      </symbol>
      <symbol id="sm-27d">
         <name>__aeabi_memcpy8</name>
         <value>0x178d</value>
         <object_component_ref idref="oc-45"/>
      </symbol>
      <symbol id="sm-27e">
         <name>__aeabi_memcpy4</name>
         <value>0x178d</value>
         <object_component_ref idref="oc-45"/>
      </symbol>
      <symbol id="sm-28d">
         <name>__aeabi_memset</name>
         <value>0x182b</value>
         <object_component_ref idref="oc-51"/>
      </symbol>
      <symbol id="sm-28e">
         <name>memset</name>
         <value>0x1831</value>
         <object_component_ref idref="oc-51"/>
      </symbol>
      <symbol id="sm-28f">
         <name>__aeabi_memset8</name>
         <value>0x182b</value>
         <object_component_ref idref="oc-51"/>
      </symbol>
      <symbol id="sm-290">
         <name>__aeabi_memset4</name>
         <value>0x182b</value>
         <object_component_ref idref="oc-51"/>
      </symbol>
      <symbol id="sm-291">
         <name>__aeabi_memclr8</name>
         <value>0x1829</value>
         <object_component_ref idref="oc-51"/>
      </symbol>
      <symbol id="sm-292">
         <name>__aeabi_memclr4</name>
         <value>0x1829</value>
         <object_component_ref idref="oc-51"/>
      </symbol>
      <symbol id="sm-293">
         <name>__aeabi_memclr</name>
         <value>0x1829</value>
         <object_component_ref idref="oc-51"/>
      </symbol>
      <symbol id="sm-29d">
         <name>__mpu_init</name>
         <value>0x18a3</value>
         <object_component_ref idref="oc-5d"/>
      </symbol>
      <symbol id="sm-2a7">
         <name>_system_pre_init</name>
         <value>0x1c2f</value>
         <object_component_ref idref="oc-63"/>
      </symbol>
      <symbol id="sm-2af">
         <name>main_func_sp</name>
         <value>0x20000284</value>
         <object_component_ref idref="oc-7b"/>
      </symbol>
      <symbol id="sm-2bd">
         <name>strlen</name>
         <value>0x1bf5</value>
         <object_component_ref idref="oc-ee"/>
      </symbol>
      <symbol id="sm-2e2">
         <name>strtol</name>
         <value>0x155d</value>
         <object_component_ref idref="oc-f4"/>
      </symbol>
      <symbol id="sm-2fb">
         <name>_nop</name>
         <value>0x1bef</value>
         <object_component_ref idref="oc-143"/>
      </symbol>
      <symbol id="sm-2fc">
         <name>_lock</name>
         <value>0x20000278</value>
         <object_component_ref idref="oc-d8"/>
      </symbol>
      <symbol id="sm-2fd">
         <name>_unlock</name>
         <value>0x2000027c</value>
         <object_component_ref idref="oc-d8"/>
      </symbol>
      <symbol id="sm-2fe">
         <name>_register_lock</name>
         <value>0x1be7</value>
         <object_component_ref idref="oc-143"/>
      </symbol>
      <symbol id="sm-2ff">
         <name>_register_unlock</name>
         <value>0x1be1</value>
         <object_component_ref idref="oc-143"/>
      </symbol>
      <symbol id="sm-313">
         <name>_args_main</name>
         <value>0x1bc9</value>
         <object_component_ref idref="oc-6f"/>
      </symbol>
      <symbol id="sm-33d">
         <name>__TI_auto_init</name>
         <value>0x18a5</value>
         <object_component_ref idref="oc-69"/>
      </symbol>
      <symbol id="sm-357">
         <name>copy_in</name>
         <value>0x1ae9</value>
         <object_component_ref idref="oc-c5"/>
      </symbol>
      <symbol id="sm-362">
         <name>_ctypes_</name>
         <value>0x1c32</value>
         <object_component_ref idref="oc-153"/>
      </symbol>
      <symbol id="sm-36a">
         <name>errno</name>
         <value>0x20000280</value>
         <object_component_ref idref="oc-156"/>
      </symbol>
      <symbol id="sm-374">
         <name>_system_post_cinit</name>
         <value>0x19eb</value>
         <object_component_ref idref="oc-cb"/>
      </symbol>
      <symbol id="sm-375">
         <name>__TI_static_base__</name>
         <value>0x0</value>
      </symbol>
      <symbol id="sm-378">
         <name>SHT$$INIT_ARRAY$$Limit</name>
         <value>0x0</value>
      </symbol>
      <symbol id="sm-379">
         <name>SHT$$INIT_ARRAY$$Base</name>
         <value>0x0</value>
      </symbol>
   </symbol_table>
   <title>Link successful</title>
</link_info>
